// Vitest Snapshot v1, https://vitest.dev/guide/snapshot.html

exports[`Seção Experiencias > mantém a estrutura HTML e classes conforme esperado (snapshot) 1`] = `
"<section class="min-h-screen grid border-t border-gray-300 dark:border-t dark:border-gray-700 md:grid-cols-2 py-8 px-4 text-gray-700 dark:bg-gray-800">
  <div class="flex items-center justify-center mx-auto py-[80px]">
    <h2 class="dark:text-white text-5xl md:text-5xl font-bold m-0 px-4"> experiências </h2>
  </div>
  <div class="dark:text-white flex flex-col justify-center gap-4 p-4">
    <div>
      <h3 class="font-bold text-lg">Enjoei</h3>
      <p class="text-gray-700 font-semibold dark:text-white"> Desenvolvedor Frontend </p>
      <p class="dark:text-gray-300">Mai 2024 - Mai 2025</p><span class="dark:text-gray-300">Trabalhei com:</span><i class="dark:text-gray-300"> Vue.js</i><i class="dark:text-gray-300">, Vuex</i><i class="dark:text-gray-300">, Typescript</i><i class="dark:text-gray-300">, RailsVitest</i><i class="dark:text-gray-300">, Vue Test Utils</i>
    </div>
    <div>
      <h3 class="font-bold text-lg">Educacros</h3>
      <p class="text-gray-700 font-semibold dark:text-white"> Desenvolvedor Frontend </p>
      <p class="dark:text-gray-300">Set 2022 - Abr 2024</p><span class="dark:text-gray-300">Trabalhei com:</span><i class="dark:text-gray-300"> Vue.js</i><i class="dark:text-gray-300">, Vuex</i><i class="dark:text-gray-300">, Bootstrap Vue</i><i class="dark:text-gray-300">, Vuexy</i>
    </div>
    <div>
      <h3 class="font-bold text-lg">Warren Investimentos</h3>
      <p class="text-gray-700 font-semibold dark:text-white"> Desenvolvedor Frontend </p>
      <p class="dark:text-gray-300">Jan 2022 - Ago 2022</p><span class="dark:text-gray-300">Trabalhei com:</span><i class="dark:text-gray-300"> Vue.js</i><i class="dark:text-gray-300">, Vuex</i><i class="dark:text-gray-300">, Vuex.js</i><i class="dark:text-gray-300">, Typescript</i>
    </div>
    <div>
      <h3 class="font-bold">BoxTi</h3>
      <p class="text-gray-700 font-semibold dark:text-white">Desenvolvedor</p>
      <p class="dark:text-gray-300">Mar 2021- Dez 2021</p><span class="dark:text-gray-300">Trabalhei com:</span><i class="dark:text-gray-300"> HTML</i><i class="dark:text-gray-300">, CSS</i><i class="dark:text-gray-300">, Javascript</i><i class="dark:text-gray-300">, Vue.js</i><i class="dark:text-gray-300">, PHP</i><i class="dark:text-gray-300">, Node.js</i><i class="dark:text-gray-300">, MySQL</i>
    </div>
  </div>
</section>"
`;
